PREHOOK: query: create table testdeci2(
id int,
amount decimal(10,3),
sales_tax decimal(10,3),
item string)
#### A masked pattern was here ####
PREHOOK: type: CREATETABLE
#### A masked pattern was here ####
PREHOOK: Output: database:default
PREHOOK: Output: default@testdeci2
POSTHOOK: query: create table testdeci2(
id int,
amount decimal(10,3),
sales_tax decimal(10,3),
item string)
#### A masked pattern was here ####
POSTHOOK: type: CREATETABLE
#### A masked pattern was here ####
POSTHOOK: Output: database:default
POSTHOOK: Output: default@testdeci2
PREHOOK: query: insert into table testdeci2 values(1,12.123,12345.123,'desk1'),(2,123.123,1234.123,'desk2')
PREHOOK: type: QUERY
PREHOOK: Input: default@values__tmp__table__1
PREHOOK: Output: default@testdeci2
POSTHOOK: query: insert into table testdeci2 values(1,12.123,12345.123,'desk1'),(2,123.123,1234.123,'desk2')
POSTHOOK: type: QUERY
POSTHOOK: Input: default@values__tmp__table__1
POSTHOOK: Output: default@testdeci2
POSTHOOK: Lineage: testdeci2.amount EXPRESSION [(values__tmp__table__1)values__tmp__table__1.FieldSchema(name:tmp_values_col2, type:string, comment:), ]
POSTHOOK: Lineage: testdeci2.id EXPRESSION [(values__tmp__table__1)values__tmp__table__1.FieldSchema(name:tmp_values_col1, type:string, comment:), ]
POSTHOOK: Lineage: testdeci2.item SIMPLE [(values__tmp__table__1)values__tmp__table__1.FieldSchema(name:tmp_values_col4, type:string, comment:), ]
POSTHOOK: Lineage: testdeci2.sales_tax EXPRESSION [(values__tmp__table__1)values__tmp__table__1.FieldSchema(name:tmp_values_col3, type:string, comment:), ]
PREHOOK: query: describe formatted testdeci2
PREHOOK: type: DESCTABLE
PREHOOK: Input: default@testdeci2
POSTHOOK: query: describe formatted testdeci2
POSTHOOK: type: DESCTABLE
POSTHOOK: Input: default@testdeci2
# col_name            	data_type           	comment             
	 	 
id                  	int                 	                    
amount              	decimal(10,3)       	                    
sales_tax           	decimal(10,3)       	                    
item                	string              	                    
	 	 
# Detailed Table Information	 	 
Database:           	default             	 
#### A masked pattern was here ####
Protect Mode:       	None                	 
Retention:          	0                   	 
#### A masked pattern was here ####
Table Type:         	MANAGED_TABLE       	 
Table Parameters:	 	 
	numFiles            	1                   
	totalSize           	583                 
#### A masked pattern was here ####
	 	 
# Storage Information	 	 
SerDe Library:      	org.apache.hadoop.hive.ql.io.orc.OrcSerde	 
InputFormat:        	org.apache.hadoop.hive.ql.io.orc.OrcInputFormat	 
OutputFormat:       	org.apache.hadoop.hive.ql.io.orc.OrcOutputFormat	 
Compressed:         	No                  	 
Num Buckets:        	-1                  	 
Bucket Columns:     	[]                  	 
Sort Columns:       	[]                  	 
Storage Desc Params:	 	 
	serialization.format	1                   
#### A masked pattern was here ####
PREHOOK: query: describe formatted testdeci2 amount
PREHOOK: type: DESCTABLE
PREHOOK: Input: default@testdeci2
POSTHOOK: query: describe formatted testdeci2 amount
POSTHOOK: type: DESCTABLE
POSTHOOK: Input: default@testdeci2
# col_name            	data_type           	min                 	max                 	num_nulls           	distinct_count      	avg_col_len         	max_col_len         	num_trues           	num_falses          	comment             
	 	 	 	 	 	 	 	 	 	 
amount              	decimal(10,3)       	                    	                    	                    	                    	                    	                    	                    	                    	from deserializer   
PREHOOK: query: analyze table testdeci2 compute statistics for columns
PREHOOK: type: QUERY
PREHOOK: Input: default@testdeci2
#### A masked pattern was here ####
POSTHOOK: query: analyze table testdeci2 compute statistics for columns
POSTHOOK: type: QUERY
POSTHOOK: Input: default@testdeci2
#### A masked pattern was here ####
PREHOOK: query: analyze table testdeci2 compute statistics for columns
PREHOOK: type: QUERY
PREHOOK: Input: default@testdeci2
#### A masked pattern was here ####
POSTHOOK: query: analyze table testdeci2 compute statistics for columns
POSTHOOK: type: QUERY
POSTHOOK: Input: default@testdeci2
#### A masked pattern was here ####
PREHOOK: query: explain
select s.id,
coalesce(d.amount,0) as sales,
coalesce(d.sales_tax,0) as tax
from testdeci2 s join testdeci2 d
on s.item=d.item and d.id=2
PREHOOK: type: QUERY
POSTHOOK: query: explain
select s.id,
coalesce(d.amount,0) as sales,
coalesce(d.sales_tax,0) as tax
from testdeci2 s join testdeci2 d
on s.item=d.item and d.id=2
POSTHOOK: type: QUERY
Plan optimized by CBO.

Vertex dependency in root stage
Reducer 2 <- Map 1 (SIMPLE_EDGE), Map 3 (SIMPLE_EDGE)

Stage-0
   Fetch Operator
      limit:-1
      Stage-1
         Reducer 2
         File Output Operator [FS_11]
            compressed:false
            Statistics:Num rows: 5 Data size: 1140 Basic stats: COMPLETE Column stats: COMPLETE
            table:{"serde:":"org.apache.hadoop.hive.serde2.lazy.LazySimpleSerDe","input format:":"org.apache.hadoop.mapred.TextInputFormat","output format:":"org.apache.hadoop.hive.ql.io.HiveIgnoreKeyTextOutputFormat"}
            Select Operator [SEL_10]
               outputColumnNames:["_col0","_col1","_col2"]
               Statistics:Num rows: 5 Data size: 1140 Basic stats: COMPLETE Column stats: COMPLETE
               Merge Join Operator [MERGEJOIN_16]
               |  condition map:[{"":"Inner Join 0 to 1"}]
               |  keys:{"1":"_col1 (type: string)","0":"_col3 (type: string)"}
               |  outputColumnNames:["_col1","_col2","_col4"]
               |  Statistics:Num rows: 5 Data size: 1140 Basic stats: COMPLETE Column stats: COMPLETE
               |<-Map 1 [SIMPLE_EDGE]
               |  Reduce Output Operator [RS_6]
               |     key expressions:_col3 (type: string)
               |     Map-reduce partition columns:_col3 (type: string)
               |     sort order:+
               |     Statistics:Num rows: 1 Data size: 308 Basic stats: COMPLETE Column stats: COMPLETE
               |     value expressions:_col1 (type: decimal(10,3)), _col2 (type: decimal(10,3))
               |     Select Operator [SEL_2]
               |        outputColumnNames:["_col1","_col2","_col3"]
               |        Statistics:Num rows: 1 Data size: 308 Basic stats: COMPLETE Column stats: COMPLETE
               |        Filter Operator [FIL_14]
               |           predicate:((id = 2) and item is not null) (type: boolean)
               |           Statistics:Num rows: 1 Data size: 312 Basic stats: COMPLETE Column stats: COMPLETE
               |           TableScan [TS_0]
               |              alias:s
               |              Statistics:Num rows: 1 Data size: 583 Basic stats: COMPLETE Column stats: COMPLETE
               |<-Map 3 [SIMPLE_EDGE]
                  Reduce Output Operator [RS_8]
                     key expressions:_col1 (type: string)
                     Map-reduce partition columns:_col1 (type: string)
                     sort order:+
                     Statistics:Num rows: 5 Data size: 440 Basic stats: COMPLETE Column stats: COMPLETE
                     value expressions:_col0 (type: int)
                     Select Operator [SEL_4]
                        outputColumnNames:["_col0","_col1"]
                        Statistics:Num rows: 5 Data size: 440 Basic stats: COMPLETE Column stats: COMPLETE
                        Filter Operator [FIL_15]
                           predicate:item is not null (type: boolean)
                           Statistics:Num rows: 5 Data size: 440 Basic stats: COMPLETE Column stats: COMPLETE
                           TableScan [TS_3]
                              alias:s
                              Statistics:Num rows: 5 Data size: 583 Basic stats: COMPLETE Column stats: COMPLETE

