PREHOOK: query: DROP TABLE orcfile_merge1
PREHOOK: type: DROPTABLE
POSTHOOK: query: DROP TABLE orcfile_merge1
POSTHOOK: type: DROPTABLE
PREHOOK: query: DROP TABLE orc_split_elim
PREHOOK: type: DROPTABLE
POSTHOOK: query: DROP TABLE orc_split_elim
POSTHOOK: type: DROPTABLE
PREHOOK: query: create table orc_split_elim (userid bigint, string1 string, subtype double, decimal1 decimal(38,10), ts timestamp) stored as orc
PREHOOK: type: CREATETABLE
PREHOOK: Output: database:default
PREHOOK: Output: default@orc_split_elim
POSTHOOK: query: create table orc_split_elim (userid bigint, string1 string, subtype double, decimal1 decimal(38,10), ts timestamp) stored as orc
POSTHOOK: type: CREATETABLE
POSTHOOK: Output: database:default
POSTHOOK: Output: default@orc_split_elim
PREHOOK: query: load data local inpath '../../data/files/orc_split_elim.orc' into table orc_split_elim
PREHOOK: type: LOAD
#### A masked pattern was here ####
PREHOOK: Output: default@orc_split_elim
POSTHOOK: query: load data local inpath '../../data/files/orc_split_elim.orc' into table orc_split_elim
POSTHOOK: type: LOAD
#### A masked pattern was here ####
POSTHOOK: Output: default@orc_split_elim
PREHOOK: query: load data local inpath '../../data/files/orc_split_elim.orc' into table orc_split_elim
PREHOOK: type: LOAD
#### A masked pattern was here ####
PREHOOK: Output: default@orc_split_elim
POSTHOOK: query: load data local inpath '../../data/files/orc_split_elim.orc' into table orc_split_elim
POSTHOOK: type: LOAD
#### A masked pattern was here ####
POSTHOOK: Output: default@orc_split_elim
PREHOOK: query: create table orcfile_merge1 (userid bigint, string1 string, subtype double, decimal1 decimal(38,10), ts timestamp) stored as orc tblproperties("orc.compress.size"="4096")
PREHOOK: type: CREATETABLE
PREHOOK: Output: database:default
PREHOOK: Output: default@orcfile_merge1
POSTHOOK: query: create table orcfile_merge1 (userid bigint, string1 string, subtype double, decimal1 decimal(38,10), ts timestamp) stored as orc tblproperties("orc.compress.size"="4096")
POSTHOOK: type: CREATETABLE
POSTHOOK: Output: database:default
POSTHOOK: Output: default@orcfile_merge1
PREHOOK: query: insert overwrite table orcfile_merge1 select * from orc_split_elim
PREHOOK: type: QUERY
PREHOOK: Input: default@orc_split_elim
PREHOOK: Output: default@orcfile_merge1
POSTHOOK: query: insert overwrite table orcfile_merge1 select * from orc_split_elim
POSTHOOK: type: QUERY
POSTHOOK: Input: default@orc_split_elim
POSTHOOK: Output: default@orcfile_merge1
POSTHOOK: Lineage: orcfile_merge1.decimal1 SIMPLE [(orc_split_elim)orc_split_elim.FieldSchema(name:decimal1, type:decimal(38,10), comment:null), ]
POSTHOOK: Lineage: orcfile_merge1.string1 SIMPLE [(orc_split_elim)orc_split_elim.FieldSchema(name:string1, type:string, comment:null), ]
POSTHOOK: Lineage: orcfile_merge1.subtype SIMPLE [(orc_split_elim)orc_split_elim.FieldSchema(name:subtype, type:double, comment:null), ]
POSTHOOK: Lineage: orcfile_merge1.ts SIMPLE [(orc_split_elim)orc_split_elim.FieldSchema(name:ts, type:timestamp, comment:null), ]
POSTHOOK: Lineage: orcfile_merge1.userid SIMPLE [(orc_split_elim)orc_split_elim.FieldSchema(name:userid, type:bigint, comment:null), ]
PREHOOK: query: insert into table orcfile_merge1 select * from orc_split_elim
PREHOOK: type: QUERY
PREHOOK: Input: default@orc_split_elim
PREHOOK: Output: default@orcfile_merge1
POSTHOOK: query: insert into table orcfile_merge1 select * from orc_split_elim
POSTHOOK: type: QUERY
POSTHOOK: Input: default@orc_split_elim
POSTHOOK: Output: default@orcfile_merge1
POSTHOOK: Lineage: orcfile_merge1.decimal1 SIMPLE [(orc_split_elim)orc_split_elim.FieldSchema(name:decimal1, type:decimal(38,10), comment:null), ]
POSTHOOK: Lineage: orcfile_merge1.string1 SIMPLE [(orc_split_elim)orc_split_elim.FieldSchema(name:string1, type:string, comment:null), ]
POSTHOOK: Lineage: orcfile_merge1.subtype SIMPLE [(orc_split_elim)orc_split_elim.FieldSchema(name:subtype, type:double, comment:null), ]
POSTHOOK: Lineage: orcfile_merge1.ts SIMPLE [(orc_split_elim)orc_split_elim.FieldSchema(name:ts, type:timestamp, comment:null), ]
POSTHOOK: Lineage: orcfile_merge1.userid SIMPLE [(orc_split_elim)orc_split_elim.FieldSchema(name:userid, type:bigint, comment:null), ]
Found 2 items
#### A masked pattern was here ####
PREHOOK: query: -- concatenate
ALTER TABLE  orcfile_merge1 CONCATENATE
PREHOOK: type: ALTER_TABLE_MERGE
PREHOOK: Input: default@orcfile_merge1
PREHOOK: Output: default@orcfile_merge1
POSTHOOK: query: -- concatenate
ALTER TABLE  orcfile_merge1 CONCATENATE
POSTHOOK: type: ALTER_TABLE_MERGE
POSTHOOK: Input: default@orcfile_merge1
POSTHOOK: Output: default@orcfile_merge1
Found 1 items
#### A masked pattern was here ####
PREHOOK: query: select count(*) from orc_split_elim
PREHOOK: type: QUERY
PREHOOK: Input: default@orc_split_elim
#### A masked pattern was here ####
POSTHOOK: query: select count(*) from orc_split_elim
POSTHOOK: type: QUERY
POSTHOOK: Input: default@orc_split_elim
#### A masked pattern was here ####
50000
PREHOOK: query: -- will have double the number of rows
select count(*) from orcfile_merge1
PREHOOK: type: QUERY
PREHOOK: Input: default@orcfile_merge1
#### A masked pattern was here ####
POSTHOOK: query: -- will have double the number of rows
select count(*) from orcfile_merge1
POSTHOOK: type: QUERY
POSTHOOK: Input: default@orcfile_merge1
#### A masked pattern was here ####
100000
PREHOOK: query: DROP TABLE orc_split_elim
PREHOOK: type: DROPTABLE
PREHOOK: Input: default@orc_split_elim
PREHOOK: Output: default@orc_split_elim
POSTHOOK: query: DROP TABLE orc_split_elim
POSTHOOK: type: DROPTABLE
POSTHOOK: Input: default@orc_split_elim
POSTHOOK: Output: default@orc_split_elim
PREHOOK: query: DROP TABLE orcfile_merge1
PREHOOK: type: DROPTABLE
PREHOOK: Input: default@orcfile_merge1
PREHOOK: Output: default@orcfile_merge1
POSTHOOK: query: DROP TABLE orcfile_merge1
POSTHOOK: type: DROPTABLE
POSTHOOK: Input: default@orcfile_merge1
POSTHOOK: Output: default@orcfile_merge1
