PREHOOK: query: DROP TABLE IF EXISTS test
PREHOOK: type: DROPTABLE
POSTHOOK: query: DROP TABLE IF EXISTS test
POSTHOOK: type: DROPTABLE
PREHOOK: query: CREATE TABLE test(ts TIMESTAMP) STORED AS ORC
PREHOOK: type: CREATETABLE
PREHOOK: Output: database:default
PREHOOK: Output: default@test
POSTHOOK: query: CREATE TABLE test(ts TIMESTAMP) STORED AS ORC
POSTHOOK: type: CREATETABLE
POSTHOOK: Output: database:default
POSTHOOK: Output: default@test
PREHOOK: query: INSERT INTO TABLE test VALUES ('0001-01-01 00:00:00.000000000'), ('9999-12-31 23:59:59.999999999')
PREHOOK: type: QUERY
PREHOOK: Input: default@values__tmp__table__1
PREHOOK: Output: default@test
POSTHOOK: query: INSERT INTO TABLE test VALUES ('0001-01-01 00:00:00.000000000'), ('9999-12-31 23:59:59.999999999')
POSTHOOK: type: QUERY
POSTHOOK: Input: default@values__tmp__table__1
POSTHOOK: Output: default@test
POSTHOOK: Lineage: test.ts EXPRESSION [(values__tmp__table__1)values__tmp__table__1.FieldSchema(name:tmp_values_col1, type:string, comment:), ]
PREHOOK: query: EXPLAIN
SELECT ts FROM test
PREHOOK: type: QUERY
POSTHOOK: query: EXPLAIN
SELECT ts FROM test
POSTHOOK: type: QUERY
Plan optimized by CBO.

Stage-0
   Fetch Operator
      limit:-1
      Stage-1
         Map 1
         File Output Operator [FS_2]
            compressed:false
            Statistics:Num rows: 2 Data size: 80 Basic stats: COMPLETE Column stats: NONE
            table:{"serde:":"org.apache.hadoop.hive.serde2.lazy.LazySimpleSerDe","input format:":"org.apache.hadoop.mapred.TextInputFormat","output format:":"org.apache.hadoop.hive.ql.io.HiveIgnoreKeyTextOutputFormat"}
            Select Operator [SEL_1]
               outputColumnNames:["_col0"]
               Statistics:Num rows: 2 Data size: 80 Basic stats: COMPLETE Column stats: NONE
               TableScan [TS_0]
                  alias:test
                  Statistics:Num rows: 2 Data size: 80 Basic stats: COMPLETE Column stats: NONE

PREHOOK: query: SELECT ts FROM test
PREHOOK: type: QUERY
PREHOOK: Input: default@test
#### A masked pattern was here ####
POSTHOOK: query: SELECT ts FROM test
POSTHOOK: type: QUERY
POSTHOOK: Input: default@test
#### A masked pattern was here ####
0001-01-01 00:00:00
9999-12-31 23:59:59.999999999
PREHOOK: query: EXPLAIN
SELECT MIN(ts), MAX(ts), MAX(ts) - MIN(ts) FROM test
PREHOOK: type: QUERY
POSTHOOK: query: EXPLAIN
SELECT MIN(ts), MAX(ts), MAX(ts) - MIN(ts) FROM test
POSTHOOK: type: QUERY
Plan optimized by CBO.

Vertex dependency in root stage
Reducer 2 <- Map 1 (SIMPLE_EDGE)

Stage-0
   Fetch Operator
      limit:-1
      Stage-1
         Reducer 2
         File Output Operator [FS_7]
            compressed:false
            Statistics:Num rows: 1 Data size: 80 Basic stats: COMPLETE Column stats: NONE
            table:{"serde:":"org.apache.hadoop.hive.serde2.lazy.LazySimpleSerDe","input format:":"org.apache.hadoop.mapred.TextInputFormat","output format:":"org.apache.hadoop.hive.ql.io.HiveIgnoreKeyTextOutputFormat"}
            Select Operator [SEL_6]
               outputColumnNames:["_col0","_col1","_col2"]
               Statistics:Num rows: 1 Data size: 80 Basic stats: COMPLETE Column stats: NONE
               Group By Operator [GBY_5]
               |  aggregations:["min(VALUE._col0)","max(VALUE._col1)"]
               |  outputColumnNames:["_col0","_col1"]
               |  Statistics:Num rows: 1 Data size: 80 Basic stats: COMPLETE Column stats: NONE
               |<-Map 1 [SIMPLE_EDGE]
                  Reduce Output Operator [RS_4]
                     sort order:
                     Statistics:Num rows: 1 Data size: 80 Basic stats: COMPLETE Column stats: NONE
                     value expressions:_col0 (type: timestamp), _col1 (type: timestamp)
                     Group By Operator [GBY_3]
                        aggregations:["min(_col0)","max(_col0)"]
                        outputColumnNames:["_col0","_col1"]
                        Statistics:Num rows: 1 Data size: 80 Basic stats: COMPLETE Column stats: NONE
                        Select Operator [SEL_1]
                           outputColumnNames:["_col0"]
                           Statistics:Num rows: 2 Data size: 80 Basic stats: COMPLETE Column stats: NONE
                           TableScan [TS_0]
                              alias:test
                              Statistics:Num rows: 2 Data size: 80 Basic stats: COMPLETE Column stats: NONE

PREHOOK: query: SELECT MIN(ts), MAX(ts), MAX(ts) - MIN(ts) FROM test
PREHOOK: type: QUERY
PREHOOK: Input: default@test
#### A masked pattern was here ####
POSTHOOK: query: SELECT MIN(ts), MAX(ts), MAX(ts) - MIN(ts) FROM test
POSTHOOK: type: QUERY
POSTHOOK: Input: default@test
#### A masked pattern was here ####
0001-01-01 00:00:00	9999-12-31 23:59:59.999999999	3652060 23:59:59.999999999
PREHOOK: query: EXPLAIN
SELECT ts FROM test
PREHOOK: type: QUERY
POSTHOOK: query: EXPLAIN
SELECT ts FROM test
POSTHOOK: type: QUERY
Plan optimized by CBO.

Stage-0
   Fetch Operator
      limit:-1
      Stage-1
         Map 1 vectorized
         File Output Operator [FS_4]
            compressed:false
            Statistics:Num rows: 2 Data size: 80 Basic stats: COMPLETE Column stats: NONE
            table:{"serde:":"org.apache.hadoop.hive.serde2.lazy.LazySimpleSerDe","input format:":"org.apache.hadoop.mapred.TextInputFormat","output format:":"org.apache.hadoop.hive.ql.io.HiveIgnoreKeyTextOutputFormat"}
            Select Operator [OP_3]
               outputColumnNames:["_col0"]
               Statistics:Num rows: 2 Data size: 80 Basic stats: COMPLETE Column stats: NONE
               TableScan [TS_0]
                  alias:test
                  Statistics:Num rows: 2 Data size: 80 Basic stats: COMPLETE Column stats: NONE

PREHOOK: query: SELECT ts FROM test
PREHOOK: type: QUERY
PREHOOK: Input: default@test
#### A masked pattern was here ####
POSTHOOK: query: SELECT ts FROM test
POSTHOOK: type: QUERY
POSTHOOK: Input: default@test
#### A masked pattern was here ####
0001-01-01 00:00:00
9999-12-31 23:59:59.999999999
PREHOOK: query: EXPLAIN
SELECT MIN(ts), MAX(ts), MAX(ts) - MIN(ts) FROM test
PREHOOK: type: QUERY
POSTHOOK: query: EXPLAIN
SELECT MIN(ts), MAX(ts), MAX(ts) - MIN(ts) FROM test
POSTHOOK: type: QUERY
Plan optimized by CBO.

Vertex dependency in root stage
Reducer 2 <- Map 1 (SIMPLE_EDGE)

Stage-0
   Fetch Operator
      limit:-1
      Stage-1
         Reducer 2 vectorized
         File Output Operator [FS_12]
            compressed:false
            Statistics:Num rows: 1 Data size: 80 Basic stats: COMPLETE Column stats: NONE
            table:{"serde:":"org.apache.hadoop.hive.serde2.lazy.LazySimpleSerDe","input format:":"org.apache.hadoop.mapred.TextInputFormat","output format:":"org.apache.hadoop.hive.ql.io.HiveIgnoreKeyTextOutputFormat"}
            Select Operator [OP_11]
               outputColumnNames:["_col0","_col1","_col2"]
               Statistics:Num rows: 1 Data size: 80 Basic stats: COMPLETE Column stats: NONE
               Group By Operator [OP_10]
               |  aggregations:["min(VALUE._col0)","max(VALUE._col1)"]
               |  outputColumnNames:["_col0","_col1"]
               |  Statistics:Num rows: 1 Data size: 80 Basic stats: COMPLETE Column stats: NONE
               |<-Map 1 [SIMPLE_EDGE] vectorized
                  Reduce Output Operator [RS_4]
                     sort order:
                     Statistics:Num rows: 1 Data size: 80 Basic stats: COMPLETE Column stats: NONE
                     value expressions:_col0 (type: timestamp), _col1 (type: timestamp)
                     Group By Operator [OP_9]
                        aggregations:["min(_col0)","max(_col0)"]
                        outputColumnNames:["_col0","_col1"]
                        Statistics:Num rows: 1 Data size: 80 Basic stats: COMPLETE Column stats: NONE
                        Select Operator [OP_8]
                           outputColumnNames:["_col0"]
                           Statistics:Num rows: 2 Data size: 80 Basic stats: COMPLETE Column stats: NONE
                           TableScan [TS_0]
                              alias:test
                              Statistics:Num rows: 2 Data size: 80 Basic stats: COMPLETE Column stats: NONE

PREHOOK: query: SELECT MIN(ts), MAX(ts), MAX(ts) - MIN(ts) FROM test
PREHOOK: type: QUERY
PREHOOK: Input: default@test
#### A masked pattern was here ####
POSTHOOK: query: SELECT MIN(ts), MAX(ts), MAX(ts) - MIN(ts) FROM test
POSTHOOK: type: QUERY
POSTHOOK: Input: default@test
#### A masked pattern was here ####
0001-01-01 00:00:00	9999-12-31 23:59:59.999999999	3652060 23:59:59.999999999
