PREHOOK: query: create table inner_join_null (a int) partitioned by (num int, part2 int)
PREHOOK: type: CREATETABLE
PREHOOK: Output: database:default
PREHOOK: Output: default@inner_join_null
POSTHOOK: query: create table inner_join_null (a int) partitioned by (num int, part2 int)
POSTHOOK: type: CREATETABLE
POSTHOOK: Output: database:default
POSTHOOK: Output: default@inner_join_null
PREHOOK: query: alter table inner_join_null add partition (num=201501, part2=0)
PREHOOK: type: ALTERTABLE_ADDPARTS
PREHOOK: Output: default@inner_join_null
POSTHOOK: query: alter table inner_join_null add partition (num=201501, part2=0)
POSTHOOK: type: ALTERTABLE_ADDPARTS
POSTHOOK: Output: default@inner_join_null
POSTHOOK: Output: default@inner_join_null@num=201501/part2=0
PREHOOK: query: alter table inner_join_null add partition (num=201501, part2=1)
PREHOOK: type: ALTERTABLE_ADDPARTS
PREHOOK: Output: default@inner_join_null
POSTHOOK: query: alter table inner_join_null add partition (num=201501, part2=1)
POSTHOOK: type: ALTERTABLE_ADDPARTS
POSTHOOK: Output: default@inner_join_null
POSTHOOK: Output: default@inner_join_null@num=201501/part2=1
PREHOOK: query: alter table inner_join_null add partition (num=201501, part2=2)
PREHOOK: type: ALTERTABLE_ADDPARTS
PREHOOK: Output: default@inner_join_null
POSTHOOK: query: alter table inner_join_null add partition (num=201501, part2=2)
POSTHOOK: type: ALTERTABLE_ADDPARTS
POSTHOOK: Output: default@inner_join_null
POSTHOOK: Output: default@inner_join_null@num=201501/part2=2
PREHOOK: query: select num from inner_join_null a inner join (select max (num) as dt from inner_join_null where num<201501) b on a.num=b.dt
PREHOOK: type: QUERY
PREHOOK: Input: default@inner_join_null
PREHOOK: Input: default@inner_join_null@num=201501/part2=0
PREHOOK: Input: default@inner_join_null@num=201501/part2=1
PREHOOK: Input: default@inner_join_null@num=201501/part2=2
#### A masked pattern was here ####
POSTHOOK: query: select num from inner_join_null a inner join (select max (num) as dt from inner_join_null where num<201501) b on a.num=b.dt
POSTHOOK: type: QUERY
POSTHOOK: Input: default@inner_join_null
POSTHOOK: Input: default@inner_join_null@num=201501/part2=0
POSTHOOK: Input: default@inner_join_null@num=201501/part2=1
POSTHOOK: Input: default@inner_join_null@num=201501/part2=2
#### A masked pattern was here ####
