PREHOOK: query: -- SORT_QUERY_RESULTS
select (x/sum(x) over())  as y from(select cast(1 as decimal(10,0))  as x from (select * from src limit 2)s1 union all select cast(1 as decimal(10,0)) x from (select * from src limit 2) s2 union all select cast('100000000' as decimal(10,0)) x from (select * from src limit 2) s3)u
PREHOOK: type: QUERY
PREHOOK: Input: default@src
#### A masked pattern was here ####
POSTHOOK: query: -- SORT_QUERY_RESULTS
select (x/sum(x) over())  as y from(select cast(1 as decimal(10,0))  as x from (select * from src limit 2)s1 union all select cast(1 as decimal(10,0)) x from (select * from src limit 2) s2 union all select cast('100000000' as decimal(10,0)) x from (select * from src limit 2) s3)u
POSTHOOK: type: QUERY
POSTHOOK: Input: default@src
#### A masked pattern was here ####
0.0000000049999999
0.0000000049999999
0.0000000049999999
0.0000000049999999
0.4999999900000002
0.4999999900000002
PREHOOK: query: select (x/sum(x) over()) as y from(select cast(1 as decimal(10,0))  as x from (select * from src limit 2)s1 union all select cast(1 as decimal(10,0)) x from (select * from src limit 2) s2 union all select cast (null as decimal(10,0)) x from (select * from src limit 2) s3)u
PREHOOK: type: QUERY
PREHOOK: Input: default@src
#### A masked pattern was here ####
POSTHOOK: query: select (x/sum(x) over()) as y from(select cast(1 as decimal(10,0))  as x from (select * from src limit 2)s1 union all select cast(1 as decimal(10,0)) x from (select * from src limit 2) s2 union all select cast (null as decimal(10,0)) x from (select * from src limit 2) s3)u
POSTHOOK: type: QUERY
POSTHOOK: Input: default@src
#### A masked pattern was here ####
0.25
0.25
0.25
0.25
NULL
NULL
